// Jest Snapshot v1, https://goo.gl/fbAQLP

exports[`should render RecipeIngredientRow component 1`] = `
<tr>
  <td />
  <td />
  <td>
    <button
      className="btn btn-danger"
      onClick={[Function]}
    >
      Delete
    </button>
  </td>
</tr>
`;
